2026/08/21 17:30:19 Go runtime metrics collection started
2026/08/21 17:30:19 Collecting metrics: GC, Memory, Goroutines, CPU, etc.
2026/08/21 17:30:19 Runtime metrics initialized successfully (interval: 15s)
{"level":"debug","ts":"2026-08-21T17:30:19.565+0700","caller":"database/database.go:122","msg":"Database connection pool established successfully","prefix":"DB_MERCHANT_BUSINESS","dbname":"merchant_business_db","DB_DRIVER":"pgx","MaxConns":10,"MinConns":50,"MaxConnLifetime":"30m0s","MaxConnIdleTime":"30m0s","HealthCheckPeriod":"1m0s"}
{"level":"info","ts":"2026-08-21T17:30:19.565+0700","caller":"database/migrate.go:65","msg":"Running database migrations","path":"./database/migration","dbname":"merchant_business_db","prefix":"DB_MERCHANT_BUSINESS"}
2026/08/21 17:30:19 goose: no migrations to run. current version: 20250213033314
{"level":"info","ts":"2026-08-21T17:30:19.605+0700","caller":"database/migrate.go:75","msg":"Database migrations completed successfully"}
{"level":"info","ts":"2026-08-21T17:30:19.607+0700","caller":"server/server.go:172","msg":"gRPC server starting","port":50066,"address":"[::]:50066"}
2026/08/21 17:30:30 exporter export timeout: rpc error: code = Unavailable desc = dns: A record lookup error: lookup otel-collector on 127.0.0.53:53: server misbehaving
{"level":"info","ts":"2026-08-21T17:30:49.621+0700","caller":"server/server.go:388","msg":"Cache statistics","ref_count":0,"total_keys":0,"hit_rate":0,"memory_used":"1.9 MB"}
2026/08/21 17:31:00 exporter export timeout: rpc error: code = Unavailable desc = dns: A record lookup error: lookup otel-collector on 127.0.0.53:53: server misbehaving
{"level":"info","ts":"2026-08-21T17:31:19.616+0700","caller":"server/server.go:388","msg":"Cache statistics","ref_count":0,"total_keys":0,"hit_rate":0,"memory_used":"1.7 MB"}
{"level":"info","ts":"2026-08-21T17:31:22.748+0700","caller":"observability/tracing_metrics.go:105","msg":"Start: DeleteAll"}
{"level":"info","ts":"2026-08-21T17:31:22.766+0700","caller":"observability/tracing_metrics.go:122","msg":"Successfully permanently deleted all trashed merchant businesses"}
{"level":"info","ts":"2026-08-21T17:31:22.767+0700","caller":"middleware/context.go:85","msg":"gRPC Request","method":"/pb.MerchantBusinessCommandService/DeleteAllMerchantBusinessPermanent","request_id":"req_1787308282748251396_LmLw2ybj","duration":"19.535385ms"}
{"level":"info","ts":"2026-08-21T17:31:22.773+0700","caller":"observability/tracing_metrics.go:105","msg":"Start: DeletePermanent"}
{"level":"info","ts":"2026-08-21T17:31:22.777+0700","caller":"observability/tracing_metrics.go:122","msg":"Successfully permanently deleted merchant business","merchantID":1}
{"level":"info","ts":"2026-08-21T17:31:22.778+0700","caller":"middleware/context.go:85","msg":"gRPC Request","method":"/pb.MerchantBusinessCommandService/DeleteMerchantBusinessPermanent","request_id":"req_1787308282772943577_LcyvZnw4","duration":"5.28237ms"}
{"level":"info","ts":"2026-08-21T17:31:22.782+0700","caller":"observability/tracing_metrics.go:105","msg":"Start: RestoreAll"}
{"level":"info","ts":"2026-08-21T17:31:22.784+0700","caller":"observability/tracing_metrics.go:122","msg":"Successfully restored all trashed merchant businesses"}
{"level":"info","ts":"2026-08-21T17:31:22.784+0700","caller":"middleware/context.go:85","msg":"gRPC Request","method":"/pb.MerchantBusinessCommandService/RestoreAllMerchantBusiness","request_id":"req_1787308282782260674_OV3Epzjj","duration":"2.231734ms"}
{"level":"info","ts":"2026-08-21T17:31:22.788+0700","caller":"observability/tracing_metrics.go:105","msg":"Start: Restore"}
{"level":"error","ts":"2026-08-21T17:31:22.793+0700","caller":"errorhandler/errorhandler.go:47","msg":"request failed","method":"Restore","trace.id":"ee65ce0974b10a50fde72868fc179bd1","status_code":404,"merchant_id":1,"error":"[NOT_FOUND] merchant business not found"}
{"level":"info","ts":"2026-08-21T17:31:22.794+0700","caller":"middleware/context.go:85","msg":"gRPC Request","method":"/pb.MerchantBusinessCommandService/RestoreMerchantBusiness","request_id":"req_1787308282788638880_lyQ4Wf1n","duration":"5.400522ms","error":"rpc error: code = NotFound desc = merchant business not found"}
{"level":"info","ts":"2026-08-21T17:31:22.805+0700","caller":"observability/tracing_metrics.go:105","msg":"Start: Trash"}
{"level":"info","ts":"2026-08-21T17:31:22.812+0700","caller":"observability/tracing_metrics.go:122","msg":"Successfully trashed merchant business","merchantID":1}
{"level":"info","ts":"2026-08-21T17:31:22.813+0700","caller":"middleware/context.go:85","msg":"gRPC Request","method":"/pb.MerchantBusinessCommandService/TrashedMerchantBusiness","request_id":"req_1787308282805594452_63Tfejoc","duration":"8.064759ms"}
{"level":"info","ts":"2026-08-21T17:31:22.830+0700","caller":"observability/tracing_metrics.go:105","msg":"Start: FindAll"}
{"level":"debug","ts":"2026-08-21T17:31:22.841+0700","caller":"cache/redis_cache.go:98","msg":"Successfully cached data","cacheKey":"merchant_business:all:page:1:pageSize:10:search:","expiration":"5m0s"}
{"level":"info","ts":"2026-08-21T17:31:22.842+0700","caller":"observability/tracing_metrics.go:122","msg":"Successfully fetched all merchant businesses","totalRecords":7,"page":1,"pageSize":10}
{"level":"info","ts":"2026-08-21T17:31:22.842+0700","caller":"middleware/context.go:85","msg":"gRPC Request","method":"/pb.MerchantBusinessQueryService/FindAll","request_id":"req_1787308282830778371_u62xO4s9","duration":"11.847942ms"}
{"level":"info","ts":"2026-08-21T17:31:22.852+0700","caller":"observability/tracing_metrics.go:105","msg":"Start: FindActive"}
{"level":"debug","ts":"2026-08-21T17:31:22.857+0700","caller":"cache/redis_cache.go:98","msg":"Successfully cached data","cacheKey":"merchant_business:active:page:1:pageSize:10:search:","expiration":"5m0s"}
{"level":"info","ts":"2026-08-21T17:31:22.858+0700","caller":"observability/tracing_metrics.go:122","msg":"Successfully fetched active merchant businesses","totalRecords":7,"page":1,"pageSize":10}
{"level":"info","ts":"2026-08-21T17:31:22.859+0700","caller":"middleware/context.go:85","msg":"gRPC Request","method":"/pb.MerchantBusinessQueryService/FindByActive","request_id":"req_1787308282852431907_C2dknzdp","duration":"6.772497ms"}
{"level":"info","ts":"2026-08-21T17:31:22.873+0700","caller":"observability/tracing_metrics.go:105","msg":"Start: FindTrashed"}
{"level":"debug","ts":"2026-08-21T17:31:22.882+0700","caller":"cache/redis_cache.go:98","msg":"Successfully cached data","cacheKey":"merchant_business:trashed:page:1:pageSize:10:search:","expiration":"5m0s"}
{"level":"info","ts":"2026-08-21T17:31:22.882+0700","caller":"observability/tracing_metrics.go:122","msg":"Successfully fetched trashed merchant businesses","totalRecords":1,"page":1,"pageSize":10}
{"level":"info","ts":"2026-08-21T17:31:22.882+0700","caller":"middleware/context.go:85","msg":"gRPC Request","method":"/pb.MerchantBusinessQueryService/FindByTrashed","request_id":"req_1787308282873630684_A6HQH0OZ","duration":"9.185027ms"}
{"level":"info","ts":"2026-08-21T17:31:22.889+0700","caller":"observability/tracing_metrics.go:105","msg":"Start: FindByID"}
{"level":"error","ts":"2026-08-21T17:31:22.894+0700","caller":"errorhandler/errorhandler.go:47","msg":"request failed","method":"FindByID","trace.id":"1f4dffaa2c1ecf2b93f1944570f45257","status_code":404,"merchant_id":1,"error":"[NOT_FOUND] merchant business not found"}
{"level":"info","ts":"2026-08-21T17:31:22.897+0700","caller":"middleware/context.go:85","msg":"gRPC Request","method":"/pb.MerchantBusinessQueryService/FindById","request_id":"req_1787308282889276397_LieIn6gN","duration":"8.567639ms","error":"rpc error: code = NotFound desc = merchant business not found"}
2026/08/21 17:31:29 failed to upload metrics: exporter export timeout: rpc error: code = Unavailable desc = dns: A record lookup error: lookup otel-collector on 127.0.0.53:53: server misbehaving
2026/08/21 17:31:30 exporter export timeout: rpc error: code = Unavailable desc = dns: A record lookup error: lookup otel-collector on 127.0.0.53:53: server misbehaving
2026/08/21 17:31:34 traces export: exporter export timeout: rpc error: code = Unavailable desc = dns: A record lookup error: lookup otel-collector on 127.0.0.53:53: server misbehaving
2026/08/21 17:31:40 exporter export timeout: rpc error: code = Unavailable desc = dns: A record lookup error: lookup otel-collector on 127.0.0.53:53: server misbehaving
{"level":"info","ts":"2026-08-21T17:31:49.628+0700","caller":"server/server.go:388","msg":"Cache statistics","ref_count":0,"total_keys":156,"hit_rate":13.740458015267176,"memory_used":"1.9 MB"}
2026/08/21 17:32:00 exporter export timeout: rpc error: code = Unavailable desc = dns: A record lookup error: lookup otel-collector on 127.0.0.53:53: server misbehaving
{"level":"info","ts":"2026-08-21T17:32:19.664+0700","caller":"server/server.go:388","msg":"Cache statistics","ref_count":1,"total_keys":182,"hit_rate":68.61598440545808,"memory_used":"2.6 MB"}
2026/08/21 17:32:29 failed to upload metrics: exporter export timeout: rpc error: code = Unavailable desc = dns: A record lookup error: lookup otel-collector on 127.0.0.53:53: server misbehaving
2026/08/21 17:32:30 exporter export timeout: rpc error: code = Unavailable desc = dns: A record lookup error: lookup otel-collector on 127.0.0.53:53: server misbehaving
{"level":"info","ts":"2026-08-21T17:32:45.009+0700","caller":"server/server.go:183","msg":"Received shutdown signal","signal":"terminated"}
{"level":"info","ts":"2026-08-21T17:32:45.009+0700","caller":"server/server.go:197","msg":"Starting graceful shutdown..."}
{"level":"info","ts":"2026-08-21T17:32:45.012+0700","caller":"server/server.go:215","msg":"Background tasks stopped successfully"}
{"level":"info","ts":"2026-08-21T17:32:45.029+0700","caller":"server/server.go:228","msg":"gRPC server stopped gracefully"}
{"level":"info","ts":"2026-08-21T17:32:45.029+0700","caller":"server/server.go:234","msg":"Graceful shutdown completed"}
{"level":"info","ts":"2026-08-21T17:32:45.029+0700","caller":"server/server.go:239","msg":"Cleaning up resources..."}
{"level":"info","ts":"2026-08-21T17:32:45.030+0700","caller":"server/server.go:245","msg":"Redis connection closed"}
2026/08/21 17:32:55 exporter export timeout: rpc error: code = Unavailable desc = dns: A record lookup error: lookup otel-collector on 127.0.0.53:53: server misbehaving
{"level":"error","ts":"2026-08-21T17:32:55.216+0700","caller":"server/server.go:251","msg":"Failed to shutdown telemetry","error":"shutdown errors: [meter provider shutdown: failed to upload metrics: exporter export timeout: rpc error: code = Unavailable desc = dns: A record lookup error: lookup otel-collector on 127.0.0.53:53: server misbehaving]"}
{"level":"info","ts":"2026-08-21T17:32:55.216+0700","caller":"server/server.go:257","msg":"Cleanup completed"}
